current directory: /home/runner/work/YTV-Schedule-Archives/YTV-Schedule-Archives/vendor/bundle/ruby/3.4.0/gems/psych-5.4.0/ext/psych
/opt/hostedtoolcache/Ruby/3.4.1/x64/bin/ruby extconf.rb
checking for pkg-config for yaml-0.1... [" ", "", "-lyaml"]
creating Makefile

current directory: /home/runner/work/YTV-Schedule-Archives/YTV-Schedule-Archives/vendor/bundle/ruby/3.4.0/gems/psych-5.4.0/ext/psych
make DESTDIR\= sitearchdir\=./.gem.20260618-2328-a5je9d sitelibdir\=./.gem.20260618-2328-a5je9d clean
cd libyaml && make clean
/bin/sh: 1: cd: can't cd to libyaml
make: [Makefile:287: clean-so] Error 2 (ignored)

current directory: /home/runner/work/YTV-Schedule-Archives/YTV-Schedule-Archives/vendor/bundle/ruby/3.4.0/gems/psych-5.4.0/ext/psych
make DESTDIR\= sitearchdir\=./.gem.20260618-2328-a5je9d sitelibdir\=./.gem.20260618-2328-a5je9d
compiling psych.c
compiling psych_emitter.c
compiling psych_parser.c
compiling psych_to_ruby.c
compiling psych_yaml_tree.c
linking shared-object psych.so

current directory: /home/runner/work/YTV-Schedule-Archives/YTV-Schedule-Archives/vendor/bundle/ruby/3.4.0/gems/psych-5.4.0/ext/psych
make DESTDIR\= sitearchdir\=./.gem.20260618-2328-a5je9d sitelibdir\=./.gem.20260618-2328-a5je9d install
/usr/bin/install -c -m 0755 psych.so ./.gem.20260618-2328-a5je9d

current directory: /home/runner/work/YTV-Schedule-Archives/YTV-Schedule-Archives/vendor/bundle/ruby/3.4.0/gems/psych-5.4.0/ext/psych
make DESTDIR\= sitearchdir\=./.gem.20260618-2328-a5je9d sitelibdir\=./.gem.20260618-2328-a5je9d clean
cd libyaml && make clean
/bin/sh: 1: cd: can't cd to libyaml
make: [Makefile:287: clean-so] Error 2 (ignored)
